/home/bek/.local/lib/python3.8/site-packages/pep8.py:110: FutureWarning: Possible nested set at position 1
  EXTRANEOUS_WHITESPACE_REGEX = re.compile(r'[[({] | []}),;:]')
.......................................ssss...............................................................
----------------------------------------------------------------------
Ran 106 tests in 0.262s

OK (skipped=4)
{'id': '04e25fcd-a5aa-4efb-b393-c8a309ff411a', 'created_at': datetime.datetime(2024, 5, 24, 10, 3, 0, 860694, tzinfo=datetime.timezone.utc), 'updated_at': datetime.datetime(2024, 5, 24, 10, 3, 0, 860694, tzinfo=datetime.timezone.utc)}
